
> zionaitutor@1.0.0 build
> react-scripts build

Creating an optimized production build...
Compiled successfully.

File sizes after gzip:

  126.21 kB  build/static/js/main.94223775.js
  1.96 kB    build/static/css/main.b76d175d.css

The project was built assuming it is hosted at /.
You can control this with the homepage field in your package.json.

The build folder is ready to be deployed.
You may serve it with a static server:

  serve -s build

Find out more about deployment here:

  https://cra.link/deployment

